// Jest Snapshot v1, https://goo.gl/fbAQLP

exports[`App is render correct  1`] = `[Function]`;
